C51 COMPILER V9.59.0.0   DQIOT_DRV                                                         02/19/2021 17:34:38 PAGE 1   


C51 COMPILER V9.59.0.0, COMPILATION OF MODULE DQIOT_DRV
OBJECT MODULE PLACED IN .\output\dqiot_drv.obj
COMPILER INVOKED BY: D:\Keil_v5\C51\BIN\C51.EXE source\dqiot_drv.c LARGE OMF2 OPTIMIZE(8,SPEED) BROWSE INCDIR(.\include;
                    -.\Library\byd_standard_peripheral\include;.\byd_api\byd_key\include;.\byd_api\byd_mifare\include;.\byd_tool_comm;.\byd_r
                    -fid;.\mmi_inc) DEBUG PRINT(.\list\dqiot_drv.lst) TABS(2) OBJECT(.\output\dqiot_drv.obj)

line level    source

   1          /*!
   2              \file  dqiot_drv.c
   3              \brief drv
   4          */
   5          
   6          /*
   7              Copyright (C) 2018 BYD
   8          */
   9          #ifndef __DQIOT_DRV_C__
  10          
  11          #define __DQIOT_DRV_C__
  12          
  13          #include "string.h"
  14          //#include <stdio.h>
  15          #include "stdlib.h"
  16          #include "byd_ctk.h"
  17          #include "dqiot_drv.h"
  18          
  19          #include "mcu02_timer.h"
  20          #include "mcu02_system.h"
  21          #include "mcu02_uart.h"
  22          #include "delay.h"
  23          
  24          uint16_t timer1_count_flag = 0;
  25          
  26          unsigned char uart_get_buf[UART0_GET_DATA_LEN];
  27          //unsigned char uart_send_buf[UART0_SEND_DATA_LEN];
  28          //unsigned char uart_sendbuflen = 0;
  29          unsigned char uart_getbuflen = 0;
  30          
  31          extern void timer0_event_handler(void);
  32          extern void timer2_event_handler(void);
  33          /*
  34          parameter: 
  35            none
  36          return :
  37            none
  38          */
  39          void dqiot_drv_gpio_init(void)
  40          {
  41   1        dqiot_drv_ext_ldo_init();
  42   1      
  43   1        dqiot_drv_reset_gpio_init();
  44   1        
  45   1        dqiot_drv_key_led_gpio_init();
  46   1        dqiot_drv_rgb_led_gpio_init();
  47   1      
  48   1        dqiot_drv_audio_gpio_init();
  49   1        dqiot_drv_fp_gpio_init();
  50   1        dqiot_drv_motor_gpio_init();
  51   1        
  52   1        gpio_init(VBAT_TEST_PORT,VBAT_TEST_PIN,GPIO_MODE_OUT);
  53   1        gpio_bit_reset(VBAT_TEST_PORT,VBAT_TEST_PIN);
C51 COMPILER V9.59.0.0   DQIOT_DRV                                                         02/19/2021 17:34:38 PAGE 2   

  54   1      
  55   1        gpio_init(VBAT_ADC_PORT,VBAT_ADC_PIN,GPIO_MODE_IN_FLOATING);
  56   1        //gpio_bit_reset(VBAT_ADC_PORT,VBAT_ADC_PIN);
  57   1      
  58   1        gpio_init(WIFI_SDA_PORT,WIFI_SDA_PIN,GPIO_MODE_OUT);
  59   1        gpio_bit_set(WIFI_SDA_PORT,WIFI_SDA_PIN);
  60   1      
  61   1        gpio_init(WIFI_SCL_PORT,WIFI_SCL_PIN,GPIO_MODE_OUT);
  62   1        gpio_bit_set(WIFI_SCL_PORT,WIFI_SCL_PIN);
  63   1        
  64   1        gpio_init(SW_PORT,SW_PIN,GPIO_MODE_IN_FLOATING);
  65   1        //gpio_bit_reset(SW_PORT,SW_PIN);
  66   1      
  67   1        gpio_init(GPIOE,GPIO_PIN_4,GPIO_MODE_IN_FLOATING);
  68   1        //gpio_bit_reset(GPIOE,GPIO_PIN_4);
  69   1        gpio_init(GPIOE,GPIO_PIN_5,GPIO_MODE_IN_FLOATING);
  70   1        //gpio_bit_reset(GPIOE,GPIO_PIN_5);
  71   1        gpio_init(GPIOE,GPIO_PIN_6,GPIO_MODE_IN_FLOATING);
  72   1        //gpio_bit_reset(GPIOE,GPIO_PIN_6);
  73   1        gpio_init(GPIOE,GPIO_PIN_7,GPIO_MODE_IN_FLOATING);
  74   1        //gpio_bit_reset(GPIOE,GPIO_PIN_7);
  75   1        return;
  76   1      }
  77          
  78          /*
  79          parameter: 
  80            none
  81          return :
  82            none
  83          */
  84          void dqiot_drv_wake_up(void)
  85          {
  86   1        
  87   1        //WDT_ENABLE();
  88   1        
  89   1        BOR_ENABLE();
  90   1      
  91   1        CSD_ENABLE();
  92   1      
  93   1        //RFID_ENABLE();
  94   1      
  95   1      
  96   1        //dqiot_drv_reset_gpio_init();
  97   1        
  98   1        dqiot_drv_key_led_gpio_init();
  99   1        dqiot_drv_rgb_led_gpio_init();
 100   1      
 101   1        dqiot_drv_audio_gpio_init();
 102   1        dqiot_drv_fp_gpio_init();
 103   1        dqiot_drv_motor_gpio_init();
 104   1      
 105   1        // dqiot_drv_fp_poweron();  
 106   1      
 107   1        dqiot_drv_ext_ldo_on();
 108   1      
 109   1        dqiot_drv_key_led_on();
 110   1      
 111   1        dqiot_drv_uart0B_init();
 112   1      
 113   1        //byd_setbaseline(0);//按键基线复位
 114   1        delay_ms(200);
 115   1        return;
C51 COMPILER V9.59.0.0   DQIOT_DRV                                                         02/19/2021 17:34:38 PAGE 3   

 116   1      }
 117          
 118          /*
 119          parameter: 
 120            none
 121          return :
 122            none
 123          */
 124          void dqiot_drv_enter_sleep(void)
 125          {
 126   1      
 127   1        //dqiot_drv_reset_gpio_init();
 128   1        UART0_DISABLE();
 129   1      
 130   1        dqiot_drv_ext_ldo_off();
 131   1        
 132   1        dqiot_drv_audio_gpio_deinit();
 133   1        dqiot_drv_fp_gpio_deinit();
 134   1        dqiot_drv_motor_gpio_deinit();
 135   1      
 136   1        dqiot_drv_key_led_gpio_deinit();
 137   1        dqiot_drv_rgb_led_gpio_deinit();
 138   1      
 139   1      //  rfid_enter_lowpower_config();
 140   1        
 141   1        CSD_DISABLE();
 142   1      
 143   1        //RFID_DISABLE();
 144   1      
 145   1        BOR_DISABLE();
 146   1        
 147   1        WDT_DISABLE();
 148   1        return;
 149   1      }
 150          
 151          
 152          
 153          /*!
 154              \brief      timer0 isr
 155              \param[in]  none
 156              \param[out] none
 157              \retval     none
 158          */
 159          void dqiot_drv_timer0_isr(void) interrupt 1
 160          {
 161   1        INT_TIMER0_CLR();
 162   1      
 163   1        timer0_event_handler();
 164   1      
 165   1        //if(GET_TIMER0_MODE() != TIMER_8BIT_AUTORELOAD)
 166   1        //{
 167   1        //  TH0 = TH0_reload;
 168   1        //  TL0 = TL0_reload;
 169   1        //}
 170   1      }
 171          
 172          /*!
 173              \brief      timer1 isr
 174              \param[in]  none
 175              \param[out] none
 176              \retval     none
 177          */
C51 COMPILER V9.59.0.0   DQIOT_DRV                                                         02/19/2021 17:34:38 PAGE 4   

 178          void dqiot_drv_timer1_isr(void) interrupt 3
 179          {
 180   1        INT_TIMER1_CLR();
 181   1      
 182   1        if(GET_TIMER1_MODE() != TIMER_8BIT_AUTORELOAD){
 183   2          TH1 = TH1_reload;
 184   2          TL1 = TL1_reload;
 185   2        }
 186   1        timer1_count_flag++;
 187   1      }
 188          
 189          
 190          /*!
 191              \brief      timer2 isr
 192              \param[in]  none
 193              \param[out] none
 194              \retval     none
 195          */
 196          void timer2_wdt_isr(void) interrupt 14
 197          {
 198   1      
 199   1        INT_WDT_TIMER2_CLR(); 
 200   1        if(GET_INT_TIMER2_FLAG_STATE())
 201   1        {
 202   2            //timer2
 203   2            timer2_event_handler();
 204   2        }
 205   1        else if(GET_INT_WDT_FLAG_STATE())
 206   1        {
 207   2           //wdt
 208   2        } 
 209   1      
 210   1      }
 211          
 212          /*
 213          parameter: 
 214            none
 215          return :
 216            none
 217          */
 218          uint16_t dqiot_drv_get_timer1_count(void)
 219          {
 220   1        return timer1_count_flag;
 221   1      }
 222          
 223          /*
 224          parameter: 
 225            none
 226          return :
 227            none
 228          */
 229          void dqiot_drv_set_timer1_count(uint16_t count)
 230          {
 231   1        timer1_count_flag = count;
 232   1        return;
 233   1      }
 234          
 235          /*
 236          parameter: 
 237            none
 238          return :
 239            none
C51 COMPILER V9.59.0.0   DQIOT_DRV                                                         02/19/2021 17:34:38 PAGE 5   

 240          */
 241          void dqiot_drv_timer0_init(uint16_t us)
 242          {
 243   1        uint16_t count;
 244   1        count = us;
 245   1        TIMER0_MODE_SET(TIMER_8BIT_AUTORELOAD);//TIMER_13BIT,TIMER_8BIT_AUTORELOAD,TIMER_8BIT 
 246   1        TIMER0_CT_MODE_SET(TIME_SELECT);//COUNT_SELECT
 247   1        TIMER0_COUNT_8BIT(count);//TIMER_16BIT
 248   1        timer0_1_init(TIMER0);
 249   1        return;
 250   1      }
 251          
 252          /*
 253          parameter: 
 254            none
 255          return :
 256            none
 257          */
 258          void dqiot_drv_timer0_start(void)
 259          {
 260   1        INT_TIMER0_CLR();
 261   1        TIMER0_IPL_SET(HIGH);
 262   1        TIMER0_INT_ENABLE();
 263   1        TIMER0_ENABLE();
 264   1      }
 265          
 266          /*
 267          parameter: 
 268            none
 269          return :
 270            none
 271          */
 272          void dqiot_drv_timer0_stop(void)
 273          {
 274   1        INT_TIMER0_CLR();
 275   1        TIMER0_DISABLE();
 276   1      }
 277          
 278          /*
 279          parameter: 
 280            none
 281          return :
 282            none
 283          */
 284          void dqiot_drv_timer1_init(void)
 285          {
 286   1        uint16_t count;
 287   1        count = 1000;
 288   1        TIMER1_MODE_SET(TIMER_16BIT);//TIMER_13BIT,TIMER_8BIT_AUTORELOAD,TIMER_8BIT 
 289   1        TIMER1_CT_MODE_SET(TIME_SELECT);//COUNT_SELECT
 290   1        TIMER1_COUNT_16BIT(count);//TIMER_16BIT
 291   1        timer0_1_init(TIMER1);
 292   1        return;
 293   1      }
 294          
 295          /*
 296          parameter: 
 297            none
 298          return :
 299            none
 300          */
 301          void dqiot_drv_timer1_start(void)
C51 COMPILER V9.59.0.0   DQIOT_DRV                                                         02/19/2021 17:34:38 PAGE 6   

 302          {
 303   1        INT_TIMER1_CLR();
 304   1        TIMER1_IPL_SET(LOW);
 305   1        TIMER1_INT_ENABLE();
 306   1        TIMER1_ENABLE();
 307   1      }
 308          
 309          /*
 310          parameter: 
 311            none
 312          return :
 313            none
 314          */
 315          void dqiot_drv_timer1_stop(void)
 316          {
 317   1        INT_TIMER0_CLR();
 318   1        TIMER0_DISABLE();
 319   1        dqiot_drv_set_timer1_count(0);
 320   1        return;
 321   1      }
 322          
 323          /*
 324          parameter: 
 325            none
 326          return :
 327            none
 328          */
 329          void dqiot_drv_timer2_init(void)
 330          {
 331   1        /*
 332   1           t = prescale*(1000000/32768)*(count+1) us 
 333   1           prescale = 1,65536 
 334   1        */    
 335   1        uint16_t count;
 336   1        count = 3276;
 337   1        TIMER2_CLOCK_SELECT(TIMER2_CLOCK_XTAL);//TIMER2_CLOCK_XTAL选择外部晶振要使能XTAL_32K_ENABLE()
 338   1        TIMER2_AUTO_RELOAD(ENABLE);//ENABLE
 339   1        TIMER2_PRESCALE(TIMER2_PRESCALE_1);//TIMER2_PRESCALE_65536
 340   1        TIMER2_COUNT_SET(count);
 341   1        
 342   1        INT_WDT_TIMER2_CLR();//清除中断标志 
 343   1        TIMER2_IPL_SET(LOW); //中断优先级为低
 344   1        TIMER2_INT_DISABLE();//关闭中断
 345   1        return;
 346   1      }
 347          
 348          /*
 349          parameter: 
 350            none
 351          return :
 352            none
 353          */
 354          void dqiot_drv_timer2_start(void)
 355          {
 356   1        //INT_WDT_TIMER2_CLR();
 357   1        TIMER2_IPL_SET(LOW);
 358   1        TIMER2_INT_ENABLE();
 359   1        TIMER2_ENABLE();
 360   1        return;
 361   1      }
 362          
 363          /*
C51 COMPILER V9.59.0.0   DQIOT_DRV                                                         02/19/2021 17:34:38 PAGE 7   

 364          parameter: 
 365            none
 366          return :
 367            none
 368          */
 369          void dqiot_drv_timer2_stop(void)
 370          {
 371   1        //INT_WDT_TIMER2_CLR();
 372   1        TIMER2_DISABLE();
 373   1        return;
 374   1      }
 375          
 376          
 377          /*
 378          parameter: 
 379            none
 380          return :
 381            none
 382          */
 383          void dqiot_drv_uart0A_init(void)
 384          {
 385   1        GPIOE_BIT_SET(GPIO_PIN_4|GPIO_PIN_5);//避免有毛刺
 386   1          
 387   1        UART0_PORT_SET(UART0_PE4_PE5);
 388   1        UART0_CON2 = 0;
 389   1        UART0_STATE = 0;
 390   1          uart_baudrate_config(UART0,UART_BAUDRATE_57600);//波特率
 391   1        UART0_STOP_MODE(STOP_WIDTH_1BIT);//停止位
 392   1        UART0_DATA_MODE(DATA_MODE_8BIT);//数据位
 393   1        UART0_PARITY_SET(DISABLE); //奇偶校验使能
 394   1        UART0_PARITY_SEL(ODD_PARITY);//奇偶校验选择
 395   1          UART0_MULTI_MODE(DISABLE);//多处理器通信模式
 396   1        
 397   1        UART0_RX_ENABLE();//接收使能 
 398   1      #ifdef __DRV_UART0A_INT_SUPPORT__   
 399   1        UART0_TX_INT_ENABLE();//发送中断使能
 400   1        UART0_RX_INT_ENABLE();//接收中断使能
 401   1        INT_UART0_CLR();//清除中断源标志
 402   1        UART0_IPL_SET(LOW);//中断优先级设置
 403   1        UART0_INT_ENABLE();//中断源 
 404   1      #else
                UART0_TX_INT_DISABLE();//发送中断关闭
                UART0_RX_INT_DISABLE();//接收中断关闭
              #endif
 408   1      
 409   1        // memset(uart_get_buf, 0x00, sizeof(uart_get_buf));
 410   1        // uart_getbuflen = 0;
 411   1      
 412   1        UART0_ENABLE();//使能uart0
 413   1        return;
 414   1      }
 415          
 416          /*
 417          parameter: 
 418            none
 419          return :
 420            none
 421          */
 422          void dqiot_drv_uart0B_init(void)
 423          {
 424   1        GPIOF_BIT_SET(GPIO_PIN_4|GPIO_PIN_5);//避免有毛刺
 425   1          
C51 COMPILER V9.59.0.0   DQIOT_DRV                                                         02/19/2021 17:34:38 PAGE 8   

 426   1        UART0_PORT_SET(UART0_PF4_PF5);
 427   1        UART0_CON2 = 0;
 428   1        UART0_STATE = 0;
 429   1          uart_baudrate_config(UART0,UART_BAUDRATE_57600);//波特率
 430   1        UART0_STOP_MODE(STOP_WIDTH_1BIT);//停止位
 431   1        UART0_DATA_MODE(DATA_MODE_8BIT);//数据位
 432   1        UART0_PARITY_SET(DISABLE); //奇偶校验使能
 433   1        UART0_PARITY_SEL(ODD_PARITY);//奇偶校验选择
 434   1          UART0_MULTI_MODE(DISABLE);//多处理器通信模式
 435   1        
 436   1        UART0_RX_ENABLE();//接收使能 
 437   1      #ifdef __DRV_UART0B_INT_SUPPORT__   
 438   1          //UART0_TX_INT_ENABLE();//发送中断使能
 439   1          UART0_TX_INT_ENABLE();//发送中断关闭
 440   1        UART0_RX_INT_ENABLE();//接收中断使能
 441   1        INT_UART0_CLR();//清除中断源标志
 442   1        UART0_IPL_SET(HIGH);//中断优先级设置
 443   1        UART0_INT_ENABLE();//中断源 
 444   1      #else
                UART0_TX_INT_DISABLE();//发送中断关闭
                UART0_RX_INT_DISABLE();//接收中断关闭
              #endif
 448   1      
 449   1        // memset(uart_get_buf, 0x00, sizeof(uart_get_buf));
 450   1        // uart_getbuflen = 0;
 451   1      
 452   1        UART0_ENABLE();//使能uart0
 453   1        return;
 454   1      }
 455          
 456          /*
 457          parameter: 
 458            none
 459          return :
 460            none
 461          */
 462          void dqiot_drv_uart0_isr(void) interrupt 17
 463          {
 464   1      
 465   1          if(GET_UART0_RX_STATE())
 466   1          {
 467   2            if(uart_getbuflen >= UART0_GET_DATA_LEN )
 468   2              return;
 469   2            else
 470   2              uart_get_buf[uart_getbuflen++] = UART0_BUF;
 471   2            CLR_UART0_RX_STATE();//清除接收中断标志位
 472   2          }
 473   1          //if(GET_UART0_TX_STATE())
 474   1          //{
 475   1          //  CLR_UART0_TX_STATE();//清除发送中断标志位
 476   1          //  UART0_TX_INT_DISABLE();   
 477   1          //}
 478   1      
 479   1      }
 480          
 481          /*
 482          parameter: 
 483            none
 484          return :
 485            none
 486          */
 487          unsigned char dqiot_drv_get_uart0_data(unsigned char len)
C51 COMPILER V9.59.0.0   DQIOT_DRV                                                         02/19/2021 17:34:38 PAGE 9   

 488          {
 489   1        return uart_get_buf[len];
 490   1      }
 491          
 492          /*
 493          parameter: 
 494            none
 495          return :
 496            none
 497          */
 498          void dqiot_drv_clr_uart0_data(void)
 499          {
 500   1        memset(uart_get_buf, 0, sizeof(uart_get_buf));
 501   1        uart_getbuflen = 0;
 502   1      }
 503          
 504          
 505          /*
 506          parameter: 
 507            none
 508          return :
 509            none
 510          */
 511          void dqiot_drv_uart0_sendData(unsigned char *p_data, unsigned char length)
 512          {
 513   1        #if 1
 514   1        unsigned char i = 0;
 515   1        //dqiot_drv_uart0B_init();
 516   1        //memset(uart_send_buf,0x00,sizeof(uart_send_buf));
 517   1        //memcpy(uart_send_buf,p_data,length);
 518   1        //uart_sendbuflen = length;
 519   1      
 520   1        for(i=0;i<length;i++)
 521   1        {
 522   2          uart_tx_byte(UART0,p_data[i]);
 523   2        }
 524   1        #endif
 525   1      }
 526          
 527          char putchar(char c)
 528          {
 529   1           uart_tx_byte(UART0,c);
 530   1           return c;
 531   1      }
 532          
 533          
 534          #endif //__DQIOT_DRV_C__


MODULE INFORMATION:   STATIC OVERLAYABLE
   CODE SIZE        =    898    ----
   CONSTANT SIZE    =   ----    ----
   XDATA SIZE       =     27       6
   PDATA SIZE       =   ----    ----
   DATA SIZE        =   ----    ----
   IDATA SIZE       =   ----    ----
   BIT SIZE         =   ----    ----
   EDATA SIZE       =   ----    ----
   HDATA SIZE       =   ----    ----
   XDATA CONST SIZE =   ----    ----
   FAR CONST SIZE   =   ----    ----
END OF MODULE INFORMATION.

C51 COMPILER V9.59.0.0   DQIOT_DRV                                                         02/19/2021 17:34:38 PAGE 10  


C51 COMPILATION COMPLETE.  0 WARNING(S),  0 ERROR(S)
